convex/users.ts(1,20): error TS6133: 'query' is declared but its value is never read.
src/components/TetrisGame.tsx(50,24): error TS2554: Expected 1 arguments, but got 0.
