
> gaming-site@0.0.0 build
> vite build

[36mvite v7.3.0 [32mbuilding client environment for production...[36m[39m
transforming...
[32m✓[39m 60 modules transformed.
node.exe : 
[31m✗[39m Build 
failed in 1.07s
At line:1 char:1
+ & "C:\Program Files
\nodejs/node.exe" 
"C:\Program 
Files\nodejs/node_mo 
...
+ ~~~~~~~~~~~~~~~~~~~
~~~~~~~~~~~~~~~~~~~~~
~~~~~~~~~~~~~~~~~~~~~
~~~~~~~~
    + CategoryInfo   
           : NotSpe  
  cified: ([31m✗   
 [39m Build faile    
d in 1.07s:Strin    
g) [], RemoteExc    
eption
    + FullyQualified 
   ErrorId : Native  
  CommandError
 
[31merror during 
build:
[31mCould not 
resolve "../../convex
/_generated/dataModel
" from "src/component
s/Layout.tsx"[31m
file: [36mC:/Users/q
usai/projects/gaming 
site/src/components/L
ayout.tsx[31m
    at 
getRollupError (file:
///C:/Users/qusai/pro
jects/gaming%20site/n
ode_modules/rollup/di
st/es/shared/parseAst
.js:401:41)
    at error (file://
/C:/Users/qusai/proje
cts/gaming%20site/nod
e_modules/rollup/dist
/es/shared/parseAst.j
s:397:42)
    at ModuleLoader.h
andleInvalidResolvedI
d (file:///C:/Users/q
usai/projects/gaming%
20site/node_modules/r
ollup/dist/es/shared/
node-entry.js:21661:2
4)
    at file:///C:/Use
rs/qusai/projects/gam
ing%20site/node_modul
es/rollup/dist/es/sha
red/node-entry.js:216
21:26[39m
